The Nautilus application development team was working on a git repository /usr/src/kodekloudrepos/news present on Storage server in Stratos DC. One of the developers stashed some in-progress changes in this repository, but now they want to restore some of the stashed changes. Find below more details to accomplish this task:

Look for the stashed changes under /usr/src/kodekloudrepos/news git repository, and restore the stash with stash@{1} identifier. Further, commit and push your changes to the origin.










[root@ststor01 news]# git log
commit bde60d7347d936674d0695e1fb90843440d54343 (HEAD -> master, origin/master)
Author: Admin <admin@kodekloud.com>
Date:   Tue Jan 13 20:34:00 2026 +0000

    initial commit
[root@ststor01 news]# git stash list
stash@{0}: WIP on master: bde60d7 initial commit
stash@{1}: WIP on master: bde60d7 initial commit
[root@ststor01 news]# git stash apply stash@{1}
On branch master
Your branch is up to date with 'origin/master'.

Changes to be committed:
  (use "git restore --staged <file>..." to unstage)
        new file:   welcome.txt

[root@ststor01 news]# git status
On branch master
Your branch is up to date with 'origin/master'.

Changes to be committed:
  (use "git restore --staged <file>..." to unstage)
        new file:   welcome.txt

[root@ststor01 news]# git commit -"^C
[root@ststor01 news]# git status
On branch master
Your branch is up to date with 'origin/master'.

Changes to be committed:
  (use "git restore --staged <file>..." to unstage)
        new file:   welcome.txt

[root@ststor01 news]# git commit -m" restore the stash{1}"
[master 8badd7d]  restore the stash{1}
 1 file changed, 1 insertion(+)
 create mode 100644 welcome.txt
[root@ststor01 news]# git push origin master
Enumerating objects: 4, done.
Counting objects: 100% (4/4), done.
Delta compression using up to 16 threads
Compressing objects: 100% (2/2), done.
Writing objects: 100% (3/3), 310 bytes | 310.00 KiB/s, done.
Total 3 (delta 0), reused 0 (delta 0), pack-reused 0 (from 0)
To /opt/news.git
   bde60d7..8badd7d  master -> master
[root@ststor01 news]# 